Inizio addestramento intensivo della PINN su GPU Cluster...
/opt/conda/lib/python3.11/site-packages/torch/autograd/graph.py:824: UserWarning: Attempting to run cuBLAS, but there was no current CUDA context! Attempting to set the primary context... (Triggered internally at /pytorch/aten/src/ATen/cuda/CublasHandlePool.cpp:181.)
  return Variable._execution_engine.run_backward(  # Calls into the C++ engine to run the backward pass
--- Avvio Training PINN su CUDA (Ambiente: cluster) ---
Epoch    1/50000 | Loss Totale: 0.1371 (Dati: 0.1360, Fisica: 0.0010) | Parametro Scoperto D: 0.9990
Epoch  100/50000 | Loss Totale: 0.0573 (Dati: 0.0573, Fisica: 0.0001) | Parametro Scoperto D: 0.9795
Epoch  200/50000 | Loss Totale: 0.0572 (Dati: 0.0571, Fisica: 0.0001) | Parametro Scoperto D: 0.9540
Epoch  300/50000 | Loss Totale: 0.0571 (Dati: 0.0570, Fisica: 0.0001) | Parametro Scoperto D: 0.9098
Epoch  400/50000 | Loss Totale: 0.0569 (Dati: 0.0568, Fisica: 0.0001) | Parametro Scoperto D: 0.8499
Epoch  500/50000 | Loss Totale: 0.0567 (Dati: 0.0566, Fisica: 0.0001) | Parametro Scoperto D: 0.7711
Epoch  600/50000 | Loss Totale: 0.0563 (Dati: 0.0562, Fisica: 0.0002) | Parametro Scoperto D: 0.6652
Epoch  700/50000 | Loss Totale: 0.0554 (Dati: 0.0551, Fisica: 0.0003) | Parametro Scoperto D: 0.5125
Epoch  800/50000 | Loss Totale: 0.0502 (Dati: 0.0493, Fisica: 0.0009) | Parametro Scoperto D: 0.2536
Epoch  900/50000 | Loss Totale: 0.0069 (Dati: 0.0061, Fisica: 0.0008) | Parametro Scoperto D: 0.0060
Epoch 1000/50000 | Loss Totale: 0.0040 (Dati: 0.0035, Fisica: 0.0005) | Parametro Scoperto D: 0.0084
Epoch 1100/50000 | Loss Totale: 0.0020 (Dati: 0.0015, Fisica: 0.0005) | Parametro Scoperto D: 0.0091
Epoch 1200/50000 | Loss Totale: 0.0012 (Dati: 0.0008, Fisica: 0.0004) | Parametro Scoperto D: 0.0091
Epoch 1300/50000 | Loss Totale: 0.0013 (Dati: 0.0010, Fisica: 0.0004) | Parametro Scoperto D: 0.0106
Epoch 1400/50000 | Loss Totale: 0.0007 (Dati: 0.0004, Fisica: 0.0003) | Parametro Scoperto D: 0.0115
Epoch 1500/50000 | Loss Totale: 0.0007 (Dati: 0.0004, Fisica: 0.0003) | Parametro Scoperto D: 0.0119
Epoch 1600/50000 | Loss Totale: 0.0005 (Dati: 0.0003, Fisica: 0.0002) | Parametro Scoperto D: 0.0126
Epoch 1700/50000 | Loss Totale: 0.0007 (Dati: 0.0005, Fisica: 0.0002) | Parametro Scoperto D: 0.0128
Epoch 1800/50000 | Loss Totale: 0.0004 (Dati: 0.0002, Fisica: 0.0002) | Parametro Scoperto D: 0.0134
Epoch 1900/50000 | Loss Totale: 0.0004 (Dati: 0.0002, Fisica: 0.0002) | Parametro Scoperto D: 0.0138
Epoch 2000/50000 | Loss Totale: 0.0018 (Dati: 0.0016, Fisica: 0.0003) | Parametro Scoperto D: 0.0139
Epoch 2100/50000 | Loss Totale: 0.0003 (Dati: 0.0002, Fisica: 0.0001) | Parametro Scoperto D: 0.0141
Epoch 2200/50000 | Loss Totale: 0.0003 (Dati: 0.0001, Fisica: 0.0001) | Parametro Scoperto D: 0.0144
Epoch 2300/50000 | Loss Totale: 0.0003 (Dati: 0.0001, Fisica: 0.0001) | Parametro Scoperto D: 0.0147
Epoch 2400/50000 | Loss Totale: 0.0005 (Dati: 0.0004, Fisica: 0.0001) | Parametro Scoperto D: 0.0148
Epoch 2500/50000 | Loss Totale: 0.0002 (Dati: 0.0001, Fisica: 0.0001) | Parametro Scoperto D: 0.0149
Epoch 2600/50000 | Loss Totale: 0.0002 (Dati: 0.0001, Fisica: 0.0001) | Parametro Scoperto D: 0.0151
Epoch 2700/50000 | Loss Totale: 0.0002 (Dati: 0.0001, Fisica: 0.0001) | Parametro Scoperto D: 0.0152
Epoch 2800/50000 | Loss Totale: 0.0002 (Dati: 0.0001, Fisica: 0.0001) | Parametro Scoperto D: 0.0152
Epoch 2900/50000 | Loss Totale: 0.0002 (Dati: 0.0001, Fisica: 0.0001) | Parametro Scoperto D: 0.0154
Epoch 3000/50000 | Loss Totale: 0.0002 (Dati: 0.0001, Fisica: 0.0001) | Parametro Scoperto D: 0.0156
Epoch 3100/50000 | Loss Totale: 0.0002 (Dati: 0.0001, Fisica: 0.0001) | Parametro Scoperto D: 0.0157
Epoch 3200/50000 | Loss Totale: 0.0002 (Dati: 0.0001, Fisica: 0.0001) | Parametro Scoperto D: 0.0156
Epoch 3300/50000 | Loss Totale: 0.0002 (Dati: 0.0001, Fisica: 0.0001) | Parametro Scoperto D: 0.0158
Epoch 3400/50000 | Loss Totale: 0.0002 (Dati: 0.0001, Fisica: 0.0001) | Parametro Scoperto D: 0.0159
Epoch 3500/50000 | Loss Totale: 0.0003 (Dati: 0.0002, Fisica: 0.0001) | Parametro Scoperto D: 0.0158
Epoch 3600/50000 | Loss Totale: 0.0002 (Dati: 0.0001, Fisica: 0.0001) | Parametro Scoperto D: 0.0160
Epoch 3700/50000 | Loss Totale: 0.0002 (Dati: 0.0001, Fisica: 0.0001) | Parametro Scoperto D: 0.0161
Epoch 3800/50000 | Loss Totale: 0.0001 (Dati: 0.0001, Fisica: 0.0001) | Parametro Scoperto D: 0.0162
Epoch 3900/50000 | Loss Totale: 0.0002 (Dati: 0.0001, Fisica: 0.0001) | Parametro Scoperto D: 0.0159
Epoch 4000/50000 | Loss Totale: 0.0001 (Dati: 0.0001, Fisica: 0.0001) | Parametro Scoperto D: 0.0163
Epoch 4100/50000 | Loss Totale: 0.0001 (Dati: 0.0001, Fisica: 0.0001) | Parametro Scoperto D: 0.0164
Epoch 4200/50000 | Loss Totale: 0.0001 (Dati: 0.0001, Fisica: 0.0001) | Parametro Scoperto D: 0.0164
Epoch 4300/50000 | Loss Totale: 0.0001 (Dati: 0.0001, Fisica: 0.0001) | Parametro Scoperto D: 0.0165
Epoch 4400/50000 | Loss Totale: 0.0001 (Dati: 0.0001, Fisica: 0.0001) | Parametro Scoperto D: 0.0165
Epoch 4500/50000 | Loss Totale: 0.0001 (Dati: 0.0001, Fisica: 0.0000) | Parametro Scoperto D: 0.0166
Epoch 4600/50000 | Loss Totale: 0.0001 (Dati: 0.0001, Fisica: 0.0000) | Parametro Scoperto D: 0.0166
Epoch 4700/50000 | Loss Totale: 0.0001 (Dati: 0.0001, Fisica: 0.0000) | Parametro Scoperto D: 0.0167
Epoch 4800/50000 | Loss Totale: 0.0001 (Dati: 0.0001, Fisica: 0.0000) | Parametro Scoperto D: 0.0166
Epoch 4900/50000 | Loss Totale: 0.0001 (Dati: 0.0001, Fisica: 0.0000) | Parametro Scoperto D: 0.0167
Epoch 5000/50000 | Loss Totale: 0.0001 (Dati: 0.0001, Fisica: 0.0000) | Parametro Scoperto D: 0.0168
Epoch 5100/50000 | Loss Totale: 0.0001 (Dati: 0.0001, Fisica: 0.0000) | Parametro Scoperto D: 0.0168
Epoch 5200/50000 | Loss Totale: 0.0002 (Dati: 0.0001, Fisica: 0.0000) | Parametro Scoperto D: 0.0165
Epoch 5300/50000 | Loss Totale: 0.0001 (Dati: 0.0001, Fisica: 0.0000) | Parametro Scoperto D: 0.0168
Epoch 5400/50000 | Loss Totale: 0.0001 (Dati: 0.0001, Fisica: 0.0000) | Parametro Scoperto D: 0.0169
Epoch 5500/50000 | Loss Totale: 0.0001 (Dati: 0.0001, Fisica: 0.0000) | Parametro Scoperto D: 0.0169
Epoch 5600/50000 | Loss Totale: 0.0001 (Dati: 0.0001, Fisica: 0.0000) | Parametro Scoperto D: 0.0169
Epoch 5700/50000 | Loss Totale: 0.0001 (Dati: 0.0001, Fisica: 0.0000) | Parametro Scoperto D: 0.0170
Epoch 5800/50000 | Loss Totale: 0.0001 (Dati: 0.0001, Fisica: 0.0000) | Parametro Scoperto D: 0.0170
Epoch 5900/50000 | Loss Totale: 0.0002 (Dati: 0.0002, Fisica: 0.0000) | Parametro Scoperto D: 0.0167
Epoch 6000/50000 | Loss Totale: 0.0001 (Dati: 0.0001, Fisica: 0.0000) | Parametro Scoperto D: 0.0170
Epoch 6100/50000 | Loss Totale: 0.0001 (Dati: 0.0001, Fisica: 0.0000) | Parametro Scoperto D: 0.0171
Epoch 6200/50000 | Loss Totale: 0.0001 (Dati: 0.0000, Fisica: 0.0000) | Parametro Scoperto D: 0.0171
Epoch 6300/50000 | Loss Totale: 0.0001 (Dati: 0.0000, Fisica: 0.0000) | Parametro Scoperto D: 0.0170
Epoch 6400/50000 | Loss Totale: 0.0001 (Dati: 0.0000, Fisica: 0.0000) | Parametro Scoperto D: 0.0171
Epoch 6500/50000 | Loss Totale: 0.0001 (Dati: 0.0000, Fisica: 0.0000) | Parametro Scoperto D: 0.0171
Epoch 6600/50000 | Loss Totale: 0.0001 (Dati: 0.0001, Fisica: 0.0000) | Parametro Scoperto D: 0.0170
Epoch 6700/50000 | Loss Totale: 0.0001 (Dati: 0.0000, Fisica: 0.0000) | Parametro Scoperto D: 0.0171
Epoch 6800/50000 | Loss Totale: 0.0001 (Dati: 0.0000, Fisica: 0.0000) | Parametro Scoperto D: 0.0171
Epoch 6900/50000 | Loss Totale: 0.0001 (Dati: 0.0000, Fisica: 0.0000) | Parametro Scoperto D: 0.0171
Epoch 7000/50000 | Loss Totale: 0.0001 (Dati: 0.0000, Fisica: 0.0000) | Parametro Scoperto D: 0.0171
Epoch 7100/50000 | Loss Totale: 0.0001 (Dati: 0.0000, Fisica: 0.0000) | Parametro Scoperto D: 0.0172
Epoch 7200/50000 | Loss Totale: 0.0001 (Dati: 0.0000, Fisica: 0.0000) | Parametro Scoperto D: 0.0172
Epoch 7300/50000 | Loss Totale: 0.0001 (Dati: 0.0000, Fisica: 0.0000) | Parametro Scoperto D: 0.0172
Epoch 7400/50000 | Loss Totale: 0.0001 (Dati: 0.0000, Fisica: 0.0000) | Parametro Scoperto D: 0.0171
Epoch 7500/50000 | Loss Totale: 0.0001 (Dati: 0.0000, Fisica: 0.0000) | Parametro Scoperto D: 0.0172
Epoch 7600/50000 | Loss Totale: 0.0001 (Dati: 0.0000, Fisica: 0.0000) | Parametro Scoperto D: 0.0172
Epoch 7700/50000 | Loss Totale: 0.0001 (Dati: 0.0001, Fisica: 0.0000) | Parametro Scoperto D: 0.0169
Epoch 7800/50000 | Loss Totale: 0.0001 (Dati: 0.0000, Fisica: 0.0000) | Parametro Scoperto D: 0.0172
Epoch 7900/50000 | Loss Totale: 0.0001 (Dati: 0.0000, Fisica: 0.0000) | Parametro Scoperto D: 0.0172
Epoch 8000/50000 | Loss Totale: 0.0001 (Dati: 0.0001, Fisica: 0.0000) | Parametro Scoperto D: 0.0172
Epoch 8100/50000 | Loss Totale: 0.0001 (Dati: 0.0000, Fisica: 0.0000) | Parametro Scoperto D: 0.0172
Epoch 8200/50000 | Loss Totale: 0.0001 (Dati: 0.0000, Fisica: 0.0000) | Parametro Scoperto D: 0.0172
Epoch 8300/50000 | Loss Totale: 0.0000 (Dati: 0.0000, Fisica: 0.0000) | Parametro Scoperto D: 0.0172
Epoch 8400/50000 | Loss Totale: 0.0000 (Dati: 0.0000, Fisica: 0.0000) | Parametro Scoperto D: 0.0172
Epoch 8500/50000 | Loss Totale: 0.0000 (Dati: 0.0000, Fisica: 0.0000) | Parametro Scoperto D: 0.0172
Epoch 8600/50000 | Loss Totale: 0.0000 (Dati: 0.0000, Fisica: 0.0000) | Parametro Scoperto D: 0.0173
Epoch 8700/50000 | Loss Totale: 0.0001 (Dati: 0.0001, Fisica: 0.0000) | Parametro Scoperto D: 0.0172
Epoch 8800/50000 | Loss Totale: 0.0000 (Dati: 0.0000, Fisica: 0.0000) | Parametro Scoperto D: 0.0173
Epoch 8900/50000 | Loss Totale: 0.0000 (Dati: 0.0000, Fisica: 0.0000) | Parametro Scoperto D: 0.0173
Epoch 9000/50000 | Loss Totale: 0.0003 (Dati: 0.0002, Fisica: 0.0001) | Parametro Scoperto D: 0.0170
Epoch 9100/50000 | Loss Totale: 0.0000 (Dati: 0.0000, Fisica: 0.0000) | Parametro Scoperto D: 0.0173
Epoch 9200/50000 | Loss Totale: 0.0000 (Dati: 0.0000, Fisica: 0.0000) | Parametro Scoperto D: 0.0173
Epoch 9300/50000 | Loss Totale: 0.0006 (Dati: 0.0005, Fisica: 0.0001) | Parametro Scoperto D: 0.0170
Epoch 9400/50000 | Loss Totale: 0.0000 (Dati: 0.0000, Fisica: 0.0000) | Parametro Scoperto D: 0.0173
Epoch 9500/50000 | Loss Totale: 0.0000 (Dati: 0.0000, Fisica: 0.0000) | Parametro Scoperto D: 0.0173
Epoch 9600/50000 | Loss Totale: 0.0000 (Dati: 0.0000, Fisica: 0.0000) | Parametro Scoperto D: 0.0173
Epoch 9700/50000 | Loss Totale: 0.0000 (Dati: 0.0000, Fisica: 0.0000) | Parametro Scoperto D: 0.0173
Epoch 9800/50000 | Loss Totale: 0.0000 (Dati: 0.0000, Fisica: 0.0000) | Parametro Scoperto D: 0.0173
Epoch 9900/50000 | Loss Totale: 0.0000 (Dati: 0.0000, Fisica: 0.0000) | Parametro Scoperto D: 0.0173
Epoch 10000/50000 | Loss Totale: 0.0000 (Dati: 0.0000, Fisica: 0.0000) | Parametro Scoperto D: 0.0173
Epoch 10100/50000 | Loss Totale: 0.0000 (Dati: 0.0000, Fisica: 0.0000) | Parametro Scoperto D: 0.0174
Epoch 10200/50000 | Loss Totale: 0.0000 (Dati: 0.0000, Fisica: 0.0000) | Parametro Scoperto D: 0.0174
Epoch 10300/50000 | Loss Totale: 0.0001 (Dati: 0.0001, Fisica: 0.0000) | Parametro Scoperto D: 0.0173
Epoch 10400/50000 | Loss Totale: 0.0000 (Dati: 0.0000, Fisica: 0.0000) | Parametro Scoperto D: 0.0174
Epoch 10500/50000 | Loss Totale: 0.0000 (Dati: 0.0000, Fisica: 0.0000) | Parametro Scoperto D: 0.0174
Epoch 10600/50000 | Loss Totale: 0.0001 (Dati: 0.0000, Fisica: 0.0000) | Parametro Scoperto D: 0.0174
Epoch 10700/50000 | Loss Totale: 0.0000 (Dati: 0.0000, Fisica: 0.0000) | Parametro Scoperto D: 0.0174
Epoch 10800/50000 | Loss Totale: 0.0000 (Dati: 0.0000, Fisica: 0.0000) | Parametro Scoperto D: 0.0174
Epoch 10900/50000 | Loss Totale: 0.0001 (Dati: 0.0001, Fisica: 0.0000) | Parametro Scoperto D: 0.0173
Epoch 11000/50000 | Loss Totale: 0.0000 (Dati: 0.0000, Fisica: 0.0000) | Parametro Scoperto D: 0.0174
Epoch 11100/50000 | Loss Totale: 0.0000 (Dati: 0.0000, Fisica: 0.0000) | Parametro Scoperto D: 0.0174
Epoch 11200/50000 | Loss Totale: 0.0009 (Dati: 0.0009, Fisica: 0.0000) | Parametro Scoperto D: 0.0174
Epoch 11300/50000 | Loss Totale: 0.0000 (Dati: 0.0000, Fisica: 0.0000) | Parametro Scoperto D: 0.0174
Epoch 11400/50000 | Loss Totale: 0.0000 (Dati: 0.0000, Fisica: 0.0000) | Parametro Scoperto D: 0.0174
Epoch 11500/50000 | Loss Totale: 0.0000 (Dati: 0.0000, Fisica: 0.0000) | Parametro Scoperto D: 0.0174
Epoch 11600/50000 | Loss Totale: 0.0000 (Dati: 0.0000, Fisica: 0.0000) | Parametro Scoperto D: 0.0174
Epoch 11700/50000 | Loss Totale: 0.0000 (Dati: 0.0000, Fisica: 0.0000) | Parametro Scoperto D: 0.0174
Epoch 11800/50000 | Loss Totale: 0.0000 (Dati: 0.0000, Fisica: 0.0000) | Parametro Scoperto D: 0.0174
Epoch 11900/50000 | Loss Totale: 0.0000 (Dati: 0.0000, Fisica: 0.0000) | Parametro Scoperto D: 0.0173
Epoch 12000/50000 | Loss Totale: 0.0000 (Dati: 0.0000, Fisica: 0.0000) | Parametro Scoperto D: 0.0175
Epoch 12100/50000 | Loss Totale: 0.0000 (Dati: 0.0000, Fisica: 0.0000) | Parametro Scoperto D: 0.0175
Epoch 12200/50000 | Loss Totale: 0.0000 (Dati: 0.0000, Fisica: 0.0000) | Parametro Scoperto D: 0.0174
Epoch 12300/50000 | Loss Totale: 0.0000 (Dati: 0.0000, Fisica: 0.0000) | Parametro Scoperto D: 0.0175
Epoch 12400/50000 | Loss Totale: 0.0000 (Dati: 0.0000, Fisica: 0.0000) | Parametro Scoperto D: 0.0175
Epoch 12500/50000 | Loss Totale: 0.0001 (Dati: 0.0000, Fisica: 0.0000) | Parametro Scoperto D: 0.0175
Epoch 12600/50000 | Loss Totale: 0.0000 (Dati: 0.0000, Fisica: 0.0000) | Parametro Scoperto D: 0.0175
Epoch 12700/50000 | Loss Totale: 0.0000 (Dati: 0.0000, Fisica: 0.0000) | Parametro Scoperto D: 0.0175
Epoch 12800/50000 | Loss Totale: 0.0000 (Dati: 0.0000, Fisica: 0.0000) | Parametro Scoperto D: 0.0175
Epoch 12900/50000 | Loss Totale: 0.0000 (Dati: 0.0000, Fisica: 0.0000) | Parametro Scoperto D: 0.0175
Epoch 13000/50000 | Loss Totale: 0.0000 (Dati: 0.0000, Fisica: 0.0000) | Parametro Scoperto D: 0.0175
Epoch 13100/50000 | Loss Totale: 0.0000 (Dati: 0.0000, Fisica: 0.0000) | Parametro Scoperto D: 0.0175
Epoch 13200/50000 | Loss Totale: 0.0000 (Dati: 0.0000, Fisica: 0.0000) | Parametro Scoperto D: 0.0175
Epoch 13300/50000 | Loss Totale: 0.0000 (Dati: 0.0000, Fisica: 0.0000) | Parametro Scoperto D: 0.0175
Epoch 13400/50000 | Loss Totale: 0.0000 (Dati: 0.0000, Fisica: 0.0000) | Parametro Scoperto D: 0.0175
Epoch 13500/50000 | Loss Totale: 0.0000 (Dati: 0.0000, Fisica: 0.0000) | Parametro Scoperto D: 0.0175
Epoch 13600/50000 | Loss Totale: 0.0000 (Dati: 0.0000, Fisica: 0.0000) | Parametro Scoperto D: 0.0175
Epoch 13700/50000 | Loss Totale: 0.0000 (Dati: 0.0000, Fisica: 0.0000) | Parametro Scoperto D: 0.0175
Epoch 13800/50000 | Loss Totale: 0.0000 (Dati: 0.0000, Fisica: 0.0000) | Parametro Scoperto D: 0.0174
Epoch 13900/50000 | Loss Totale: 0.0000 (Dati: 0.0000, Fisica: 0.0000) | Parametro Scoperto D: 0.0175
Epoch 14000/50000 | Loss Totale: 0.0000 (Dati: 0.0000, Fisica: 0.0000) | Parametro Scoperto D: 0.0175
Epoch 14100/50000 | Loss Totale: 0.0000 (Dati: 0.0000, Fisica: 0.0000) | Parametro Scoperto D: 0.0175
Epoch 14200/50000 | Loss Totale: 0.0000 (Dati: 0.0000, Fisica: 0.0000) | Parametro Scoperto D: 0.0175
Epoch 14300/50000 | Loss Totale: 0.0000 (Dati: 0.0000, Fisica: 0.0000) | Parametro Scoperto D: 0.0175
Epoch 14400/50000 | Loss Totale: 0.0000 (Dati: 0.0000, Fisica: 0.0000) | Parametro Scoperto D: 0.0175
Epoch 14500/50000 | Loss Totale: 0.0000 (Dati: 0.0000, Fisica: 0.0000) | Parametro Scoperto D: 0.0175
Epoch 14600/50000 | Loss Totale: 0.0000 (Dati: 0.0000, Fisica: 0.0000) | Parametro Scoperto D: 0.0175
Epoch 14700/50000 | Loss Totale: 0.0000 (Dati: 0.0000, Fisica: 0.0000) | Parametro Scoperto D: 0.0175
Epoch 14800/50000 | Loss Totale: 0.0000 (Dati: 0.0000, Fisica: 0.0000) | Parametro Scoperto D: 0.0175
Epoch 14900/50000 | Loss Totale: 0.0000 (Dati: 0.0000, Fisica: 0.0000) | Parametro Scoperto D: 0.0175
Epoch 15000/50000 | Loss Totale: 0.0000 (Dati: 0.0000, Fisica: 0.0000) | Parametro Scoperto D: 0.0175
Epoch 15100/50000 | Loss Totale: 0.0000 (Dati: 0.0000, Fisica: 0.0000) | Parametro Scoperto D: 0.0175
Epoch 15200/50000 | Loss Totale: 0.0000 (Dati: 0.0000, Fisica: 0.0000) | Parametro Scoperto D: 0.0175
Epoch 15300/50000 | Loss Totale: 0.0000 (Dati: 0.0000, Fisica: 0.0000) | Parametro Scoperto D: 0.0175
Epoch 15400/50000 | Loss Totale: 0.0000 (Dati: 0.0000, Fisica: 0.0000) | Parametro Scoperto D: 0.0174
Epoch 15500/50000 | Loss Totale: 0.0000 (Dati: 0.0000, Fisica: 0.0000) | Parametro Scoperto D: 0.0175
Epoch 15600/50000 | Loss Totale: 0.0000 (Dati: 0.0000, Fisica: 0.0000) | Parametro Scoperto D: 0.0175
Epoch 15700/50000 | Loss Totale: 0.0001 (Dati: 0.0001, Fisica: 0.0000) | Parametro Scoperto D: 0.0175
Epoch 15800/50000 | Loss Totale: 0.0000 (Dati: 0.0000, Fisica: 0.0000) | Parametro Scoperto D: 0.0175
Epoch 15900/50000 | Loss Totale: 0.0000 (Dati: 0.0000, Fisica: 0.0000) | Parametro Scoperto D: 0.0176
Epoch 16000/50000 | Loss Totale: 0.0004 (Dati: 0.0004, Fisica: 0.0000) | Parametro Scoperto D: 0.0176
Epoch 16100/50000 | Loss Totale: 0.0000 (Dati: 0.0000, Fisica: 0.0000) | Parametro Scoperto D: 0.0176
Epoch 16200/50000 | Loss Totale: 0.0000 (Dati: 0.0000, Fisica: 0.0000) | Parametro Scoperto D: 0.0176
Epoch 16300/50000 | Loss Totale: 0.0003 (Dati: 0.0001, Fisica: 0.0001) | Parametro Scoperto D: 0.0173
Epoch 16400/50000 | Loss Totale: 0.0000 (Dati: 0.0000, Fisica: 0.0000) | Parametro Scoperto D: 0.0176
Epoch 16500/50000 | Loss Totale: 0.0000 (Dati: 0.0000, Fisica: 0.0000) | Parametro Scoperto D: 0.0176
Epoch 16600/50000 | Loss Totale: 0.0000 (Dati: 0.0000, Fisica: 0.0000) | Parametro Scoperto D: 0.0176
Epoch 16700/50000 | Loss Totale: 0.0000 (Dati: 0.0000, Fisica: 0.0000) | Parametro Scoperto D: 0.0176
Epoch 16800/50000 | Loss Totale: 0.0000 (Dati: 0.0000, Fisica: 0.0000) | Parametro Scoperto D: 0.0176
Epoch 16900/50000 | Loss Totale: 0.0000 (Dati: 0.0000, Fisica: 0.0000) | Parametro Scoperto D: 0.0175
Epoch 17000/50000 | Loss Totale: 0.0000 (Dati: 0.0000, Fisica: 0.0000) | Parametro Scoperto D: 0.0176
Epoch 17100/50000 | Loss Totale: 0.0000 (Dati: 0.0000, Fisica: 0.0000) | Parametro Scoperto D: 0.0176
Epoch 17200/50000 | Loss Totale: 0.0000 (Dati: 0.0000, Fisica: 0.0000) | Parametro Scoperto D: 0.0176
Epoch 17300/50000 | Loss Totale: 0.0000 (Dati: 0.0000, Fisica: 0.0000) | Parametro Scoperto D: 0.0176
Epoch 17400/50000 | Loss Totale: 0.0000 (Dati: 0.0000, Fisica: 0.0000) | Parametro Scoperto D: 0.0176
Epoch 17500/50000 | Loss Totale: 0.0000 (Dati: 0.0000, Fisica: 0.0000) | Parametro Scoperto D: 0.0176
Epoch 17600/50000 | Loss Totale: 0.0000 (Dati: 0.0000, Fisica: 0.0000) | Parametro Scoperto D: 0.0176
Epoch 17700/50000 | Loss Totale: 0.0000 (Dati: 0.0000, Fisica: 0.0000) | Parametro Scoperto D: 0.0176
Epoch 17800/50000 | Loss Totale: 0.0000 (Dati: 0.0000, Fisica: 0.0000) | Parametro Scoperto D: 0.0176
Epoch 17900/50000 | Loss Totale: 0.0000 (Dati: 0.0000, Fisica: 0.0000) | Parametro Scoperto D: 0.0176
Epoch 18000/50000 | Loss Totale: 0.0006 (Dati: 0.0006, Fisica: 0.0000) | Parametro Scoperto D: 0.0175
Epoch 18100/50000 | Loss Totale: 0.0000 (Dati: 0.0000, Fisica: 0.0000) | Parametro Scoperto D: 0.0176
Epoch 18200/50000 | Loss Totale: 0.0000 (Dati: 0.0000, Fisica: 0.0000) | Parametro Scoperto D: 0.0176
Epoch 18300/50000 | Loss Totale: 0.0000 (Dati: 0.0000, Fisica: 0.0000) | Parametro Scoperto D: 0.0176
Epoch 18400/50000 | Loss Totale: 0.0000 (Dati: 0.0000, Fisica: 0.0000) | Parametro Scoperto D: 0.0176
Epoch 18500/50000 | Loss Totale: 0.0000 (Dati: 0.0000, Fisica: 0.0000) | Parametro Scoperto D: 0.0176
Epoch 18600/50000 | Loss Totale: 0.0000 (Dati: 0.0000, Fisica: 0.0000) | Parametro Scoperto D: 0.0176
Epoch 18700/50000 | Loss Totale: 0.0000 (Dati: 0.0000, Fisica: 0.0000) | Parametro Scoperto D: 0.0176
Epoch 18800/50000 | Loss Totale: 0.0000 (Dati: 0.0000, Fisica: 0.0000) | Parametro Scoperto D: 0.0176
Epoch 18900/50000 | Loss Totale: 0.0000 (Dati: 0.0000, Fisica: 0.0000) | Parametro Scoperto D: 0.0176
Epoch 19000/50000 | Loss Totale: 0.0001 (Dati: 0.0000, Fisica: 0.0000) | Parametro Scoperto D: 0.0176
Epoch 19100/50000 | Loss Totale: 0.0000 (Dati: 0.0000, Fisica: 0.0000) | Parametro Scoperto D: 0.0176
Epoch 19200/50000 | Loss Totale: 0.0000 (Dati: 0.0000, Fisica: 0.0000) | Parametro Scoperto D: 0.0176
Epoch 19300/50000 | Loss Totale: 0.0000 (Dati: 0.0000, Fisica: 0.0000) | Parametro Scoperto D: 0.0176
Epoch 19400/50000 | Loss Totale: 0.0000 (Dati: 0.0000, Fisica: 0.0000) | Parametro Scoperto D: 0.0176
Epoch 19500/50000 | Loss Totale: 0.0000 (Dati: 0.0000, Fisica: 0.0000) | Parametro Scoperto D: 0.0176
Epoch 19600/50000 | Loss Totale: 0.0000 (Dati: 0.0000, Fisica: 0.0000) | Parametro Scoperto D: 0.0176
Epoch 19700/50000 | Loss Totale: 0.0000 (Dati: 0.0000, Fisica: 0.0000) | Parametro Scoperto D: 0.0176
Epoch 19800/50000 | Loss Totale: 0.0000 (Dati: 0.0000, Fisica: 0.0000) | Parametro Scoperto D: 0.0176
Epoch 19900/50000 | Loss Totale: 0.0000 (Dati: 0.0000, Fisica: 0.0000) | Parametro Scoperto D: 0.0175
Epoch 20000/50000 | Loss Totale: 0.0000 (Dati: 0.0000, Fisica: 0.0000) | Parametro Scoperto D: 0.0176
Epoch 20100/50000 | Loss Totale: 0.0000 (Dati: 0.0000, Fisica: 0.0000) | Parametro Scoperto D: 0.0176
Epoch 20200/50000 | Loss Totale: 0.0000 (Dati: 0.0000, Fisica: 0.0000) | Parametro Scoperto D: 0.0176
Epoch 20300/50000 | Loss Totale: 0.0000 (Dati: 0.0000, Fisica: 0.0000) | Parametro Scoperto D: 0.0176
Epoch 20400/50000 | Loss Totale: 0.0000 (Dati: 0.0000, Fisica: 0.0000) | Parametro Scoperto D: 0.0176
Epoch 20500/50000 | Loss Totale: 0.0000 (Dati: 0.0000, Fisica: 0.0000) | Parametro Scoperto D: 0.0176
Epoch 20600/50000 | Loss Totale: 0.0000 (Dati: 0.0000, Fisica: 0.0000) | Parametro Scoperto D: 0.0176
Epoch 20700/50000 | Loss Totale: 0.0001 (Dati: 0.0001, Fisica: 0.0000) | Parametro Scoperto D: 0.0176
Epoch 20800/50000 | Loss Totale: 0.0000 (Dati: 0.0000, Fisica: 0.0000) | Parametro Scoperto D: 0.0176
Epoch 20900/50000 | Loss Totale: 0.0000 (Dati: 0.0000, Fisica: 0.0000) | Parametro Scoperto D: 0.0176
Epoch 21000/50000 | Loss Totale: 0.0000 (Dati: 0.0000, Fisica: 0.0000) | Parametro Scoperto D: 0.0175
Epoch 21100/50000 | Loss Totale: 0.0000 (Dati: 0.0000, Fisica: 0.0000) | Parametro Scoperto D: 0.0176
Epoch 21200/50000 | Loss Totale: 0.0000 (Dati: 0.0000, Fisica: 0.0000) | Parametro Scoperto D: 0.0176
Epoch 21300/50000 | Loss Totale: 0.0000 (Dati: 0.0000, Fisica: 0.0000) | Parametro Scoperto D: 0.0176
Epoch 21400/50000 | Loss Totale: 0.0000 (Dati: 0.0000, Fisica: 0.0000) | Parametro Scoperto D: 0.0176
Epoch 21500/50000 | Loss Totale: 0.0000 (Dati: 0.0000, Fisica: 0.0000) | Parametro Scoperto D: 0.0176
Epoch 21600/50000 | Loss Totale: 0.0000 (Dati: 0.0000, Fisica: 0.0000) | Parametro Scoperto D: 0.0176
Epoch 21700/50000 | Loss Totale: 0.0000 (Dati: 0.0000, Fisica: 0.0000) | Parametro Scoperto D: 0.0176
Epoch 21800/50000 | Loss Totale: 0.0000 (Dati: 0.0000, Fisica: 0.0000) | Parametro Scoperto D: 0.0177
Epoch 21900/50000 | Loss Totale: 0.0000 (Dati: 0.0000, Fisica: 0.0000) | Parametro Scoperto D: 0.0176
Epoch 22000/50000 | Loss Totale: 0.0000 (Dati: 0.0000, Fisica: 0.0000) | Parametro Scoperto D: 0.0177
Epoch 22100/50000 | Loss Totale: 0.0000 (Dati: 0.0000, Fisica: 0.0000) | Parametro Scoperto D: 0.0176
Epoch 22200/50000 | Loss Totale: 0.0000 (Dati: 0.0000, Fisica: 0.0000) | Parametro Scoperto D: 0.0177
Epoch 22300/50000 | Loss Totale: 0.0000 (Dati: 0.0000, Fisica: 0.0000) | Parametro Scoperto D: 0.0177
Epoch 22400/50000 | Loss Totale: 0.0000 (Dati: 0.0000, Fisica: 0.0000) | Parametro Scoperto D: 0.0175
Epoch 22500/50000 | Loss Totale: 0.0000 (Dati: 0.0000, Fisica: 0.0000) | Parametro Scoperto D: 0.0177
Epoch 22600/50000 | Loss Totale: 0.0000 (Dati: 0.0000, Fisica: 0.0000) | Parametro Scoperto D: 0.0177
Epoch 22700/50000 | Loss Totale: 0.0000 (Dati: 0.0000, Fisica: 0.0000) | Parametro Scoperto D: 0.0177
Epoch 22800/50000 | Loss Totale: 0.0000 (Dati: 0.0000, Fisica: 0.0000) | Parametro Scoperto D: 0.0177
Epoch 22900/50000 | Loss Totale: 0.0000 (Dati: 0.0000, Fisica: 0.0000) | Parametro Scoperto D: 0.0177
Epoch 23000/50000 | Loss Totale: 0.0000 (Dati: 0.0000, Fisica: 0.0000) | Parametro Scoperto D: 0.0177
Epoch 23100/50000 | Loss Totale: 0.0000 (Dati: 0.0000, Fisica: 0.0000) | Parametro Scoperto D: 0.0177
Epoch 23200/50000 | Loss Totale: 0.0000 (Dati: 0.0000, Fisica: 0.0000) | Parametro Scoperto D: 0.0177
Epoch 23300/50000 | Loss Totale: 0.0000 (Dati: 0.0000, Fisica: 0.0000) | Parametro Scoperto D: 0.0177
Epoch 23400/50000 | Loss Totale: 0.0000 (Dati: 0.0000, Fisica: 0.0000) | Parametro Scoperto D: 0.0176
Epoch 23500/50000 | Loss Totale: 0.0000 (Dati: 0.0000, Fisica: 0.0000) | Parametro Scoperto D: 0.0177
Epoch 23600/50000 | Loss Totale: 0.0000 (Dati: 0.0000, Fisica: 0.0000) | Parametro Scoperto D: 0.0177
Epoch 23700/50000 | Loss Totale: 0.0000 (Dati: 0.0000, Fisica: 0.0000) | Parametro Scoperto D: 0.0177
Epoch 23800/50000 | Loss Totale: 0.0000 (Dati: 0.0000, Fisica: 0.0000) | Parametro Scoperto D: 0.0177
Epoch 23900/50000 | Loss Totale: 0.0000 (Dati: 0.0000, Fisica: 0.0000) | Parametro Scoperto D: 0.0177
Epoch 24000/50000 | Loss Totale: 0.0001 (Dati: 0.0001, Fisica: 0.0000) | Parametro Scoperto D: 0.0176
Epoch 24100/50000 | Loss Totale: 0.0000 (Dati: 0.0000, Fisica: 0.0000) | Parametro Scoperto D: 0.0177
Epoch 24200/50000 | Loss Totale: 0.0001 (Dati: 0.0001, Fisica: 0.0000) | Parametro Scoperto D: 0.0176
Epoch 24300/50000 | Loss Totale: 0.0000 (Dati: 0.0000, Fisica: 0.0000) | Parametro Scoperto D: 0.0177
Epoch 24400/50000 | Loss Totale: 0.0000 (Dati: 0.0000, Fisica: 0.0000) | Parametro Scoperto D: 0.0177
Epoch 24500/50000 | Loss Totale: 0.0000 (Dati: 0.0000, Fisica: 0.0000) | Parametro Scoperto D: 0.0177
Epoch 24600/50000 | Loss Totale: 0.0000 (Dati: 0.0000, Fisica: 0.0000) | Parametro Scoperto D: 0.0177
Epoch 24700/50000 | Loss Totale: 0.0000 (Dati: 0.0000, Fisica: 0.0000) | Parametro Scoperto D: 0.0177
Epoch 24800/50000 | Loss Totale: 0.0000 (Dati: 0.0000, Fisica: 0.0000) | Parametro Scoperto D: 0.0177
Epoch 24900/50000 | Loss Totale: 0.0000 (Dati: 0.0000, Fisica: 0.0000) | Parametro Scoperto D: 0.0177
Epoch 25000/50000 | Loss Totale: 0.0000 (Dati: 0.0000, Fisica: 0.0000) | Parametro Scoperto D: 0.0177
Epoch 25100/50000 | Loss Totale: 0.0000 (Dati: 0.0000, Fisica: 0.0000) | Parametro Scoperto D: 0.0177
Epoch 25200/50000 | Loss Totale: 0.0000 (Dati: 0.0000, Fisica: 0.0000) | Parametro Scoperto D: 0.0177
Epoch 25300/50000 | Loss Totale: 0.0001 (Dati: 0.0001, Fisica: 0.0000) | Parametro Scoperto D: 0.0175
Epoch 25400/50000 | Loss Totale: 0.0000 (Dati: 0.0000, Fisica: 0.0000) | Parametro Scoperto D: 0.0177
Epoch 25500/50000 | Loss Totale: 0.0000 (Dati: 0.0000, Fisica: 0.0000) | Parametro Scoperto D: 0.0177
Epoch 25600/50000 | Loss Totale: 0.0002 (Dati: 0.0002, Fisica: 0.0001) | Parametro Scoperto D: 0.0175
Epoch 25700/50000 | Loss Totale: 0.0000 (Dati: 0.0000, Fisica: 0.0000) | Parametro Scoperto D: 0.0177
Epoch 25800/50000 | Loss Totale: 0.0000 (Dati: 0.0000, Fisica: 0.0000) | Parametro Scoperto D: 0.0177
Epoch 25900/50000 | Loss Totale: 0.0000 (Dati: 0.0000, Fisica: 0.0000) | Parametro Scoperto D: 0.0177
Epoch 26000/50000 | Loss Totale: 0.0000 (Dati: 0.0000, Fisica: 0.0000) | Parametro Scoperto D: 0.0177
Epoch 26100/50000 | Loss Totale: 0.0000 (Dati: 0.0000, Fisica: 0.0000) | Parametro Scoperto D: 0.0177
Epoch 26200/50000 | Loss Totale: 0.0000 (Dati: 0.0000, Fisica: 0.0000) | Parametro Scoperto D: 0.0177
Epoch 26300/50000 | Loss Totale: 0.0000 (Dati: 0.0000, Fisica: 0.0000) | Parametro Scoperto D: 0.0177
Epoch 26400/50000 | Loss Totale: 0.0000 (Dati: 0.0000, Fisica: 0.0000) | Parametro Scoperto D: 0.0177
Epoch 26500/50000 | Loss Totale: 0.0000 (Dati: 0.0000, Fisica: 0.0000) | Parametro Scoperto D: 0.0177
Epoch 26600/50000 | Loss Totale: 0.0000 (Dati: 0.0000, Fisica: 0.0000) | Parametro Scoperto D: 0.0177
Epoch 26700/50000 | Loss Totale: 0.0000 (Dati: 0.0000, Fisica: 0.0000) | Parametro Scoperto D: 0.0177
Epoch 26800/50000 | Loss Totale: 0.0000 (Dati: 0.0000, Fisica: 0.0000) | Parametro Scoperto D: 0.0177
Epoch 26900/50000 | Loss Totale: 0.0000 (Dati: 0.0000, Fisica: 0.0000) | Parametro Scoperto D: 0.0177
Epoch 27000/50000 | Loss Totale: 0.0000 (Dati: 0.0000, Fisica: 0.0000) | Parametro Scoperto D: 0.0177
Epoch 27100/50000 | Loss Totale: 0.0000 (Dati: 0.0000, Fisica: 0.0000) | Parametro Scoperto D: 0.0178
Epoch 27200/50000 | Loss Totale: 0.0000 (Dati: 0.0000, Fisica: 0.0000) | Parametro Scoperto D: 0.0177
Epoch 27300/50000 | Loss Totale: 0.0000 (Dati: 0.0000, Fisica: 0.0000) | Parametro Scoperto D: 0.0177
Epoch 27400/50000 | Loss Totale: 0.0000 (Dati: 0.0000, Fisica: 0.0000) | Parametro Scoperto D: 0.0177
Epoch 27500/50000 | Loss Totale: 0.0000 (Dati: 0.0000, Fisica: 0.0000) | Parametro Scoperto D: 0.0177
Epoch 27600/50000 | Loss Totale: 0.0000 (Dati: 0.0000, Fisica: 0.0000) | Parametro Scoperto D: 0.0177
Epoch 27700/50000 | Loss Totale: 0.0000 (Dati: 0.0000, Fisica: 0.0000) | Parametro Scoperto D: 0.0177
Epoch 27800/50000 | Loss Totale: 0.0000 (Dati: 0.0000, Fisica: 0.0000) | Parametro Scoperto D: 0.0177
Epoch 27900/50000 | Loss Totale: 0.0000 (Dati: 0.0000, Fisica: 0.0000) | Parametro Scoperto D: 0.0177
Epoch 28000/50000 | Loss Totale: 0.0000 (Dati: 0.0000, Fisica: 0.0000) | Parametro Scoperto D: 0.0177
Epoch 28100/50000 | Loss Totale: 0.0000 (Dati: 0.0000, Fisica: 0.0000) | Parametro Scoperto D: 0.0177
Epoch 28200/50000 | Loss Totale: 0.0000 (Dati: 0.0000, Fisica: 0.0000) | Parametro Scoperto D: 0.0177
Epoch 28300/50000 | Loss Totale: 0.0000 (Dati: 0.0000, Fisica: 0.0000) | Parametro Scoperto D: 0.0177
Epoch 28400/50000 | Loss Totale: 0.0000 (Dati: 0.0000, Fisica: 0.0000) | Parametro Scoperto D: 0.0177
Epoch 28500/50000 | Loss Totale: 0.0000 (Dati: 0.0000, Fisica: 0.0000) | Parametro Scoperto D: 0.0177
Epoch 28600/50000 | Loss Totale: 0.0000 (Dati: 0.0000, Fisica: 0.0000) | Parametro Scoperto D: 0.0177
Epoch 28700/50000 | Loss Totale: 0.0000 (Dati: 0.0000, Fisica: 0.0000) | Parametro Scoperto D: 0.0177
Epoch 28800/50000 | Loss Totale: 0.0002 (Dati: 0.0002, Fisica: 0.0000) | Parametro Scoperto D: 0.0177
Epoch 28900/50000 | Loss Totale: 0.0000 (Dati: 0.0000, Fisica: 0.0000) | Parametro Scoperto D: 0.0177
Epoch 29000/50000 | Loss Totale: 0.0000 (Dati: 0.0000, Fisica: 0.0000) | Parametro Scoperto D: 0.0177
Epoch 29100/50000 | Loss Totale: 0.0000 (Dati: 0.0000, Fisica: 0.0000) | Parametro Scoperto D: 0.0177
Epoch 29200/50000 | Loss Totale: 0.0000 (Dati: 0.0000, Fisica: 0.0000) | Parametro Scoperto D: 0.0177
Epoch 29300/50000 | Loss Totale: 0.0000 (Dati: 0.0000, Fisica: 0.0000) | Parametro Scoperto D: 0.0177
Epoch 29400/50000 | Loss Totale: 0.0000 (Dati: 0.0000, Fisica: 0.0000) | Parametro Scoperto D: 0.0177
Epoch 29500/50000 | Loss Totale: 0.0000 (Dati: 0.0000, Fisica: 0.0000) | Parametro Scoperto D: 0.0177
Epoch 29600/50000 | Loss Totale: 0.0000 (Dati: 0.0000, Fisica: 0.0000) | Parametro Scoperto D: 0.0177
Epoch 29700/50000 | Loss Totale: 0.0000 (Dati: 0.0000, Fisica: 0.0000) | Parametro Scoperto D: 0.0177
Epoch 29800/50000 | Loss Totale: 0.0000 (Dati: 0.0000, Fisica: 0.0000) | Parametro Scoperto D: 0.0177
Epoch 29900/50000 | Loss Totale: 0.0000 (Dati: 0.0000, Fisica: 0.0000) | Parametro Scoperto D: 0.0177
Epoch 30000/50000 | Loss Totale: 0.0000 (Dati: 0.0000, Fisica: 0.0000) | Parametro Scoperto D: 0.0177
Epoch 30100/50000 | Loss Totale: 0.0000 (Dati: 0.0000, Fisica: 0.0000) | Parametro Scoperto D: 0.0177
Epoch 30200/50000 | Loss Totale: 0.0000 (Dati: 0.0000, Fisica: 0.0000) | Parametro Scoperto D: 0.0177
Epoch 30300/50000 | Loss Totale: 0.0000 (Dati: 0.0000, Fisica: 0.0000) | Parametro Scoperto D: 0.0177
Epoch 30400/50000 | Loss Totale: 0.0000 (Dati: 0.0000, Fisica: 0.0000) | Parametro Scoperto D: 0.0177
Epoch 30500/50000 | Loss Totale: 0.0000 (Dati: 0.0000, Fisica: 0.0000) | Parametro Scoperto D: 0.0177
Epoch 30600/50000 | Loss Totale: 0.0000 (Dati: 0.0000, Fisica: 0.0000) | Parametro Scoperto D: 0.0177
Epoch 30700/50000 | Loss Totale: 0.0001 (Dati: 0.0001, Fisica: 0.0000) | Parametro Scoperto D: 0.0177
Epoch 30800/50000 | Loss Totale: 0.0000 (Dati: 0.0000, Fisica: 0.0000) | Parametro Scoperto D: 0.0177
Epoch 30900/50000 | Loss Totale: 0.0000 (Dati: 0.0000, Fisica: 0.0000) | Parametro Scoperto D: 0.0177
Epoch 31000/50000 | Loss Totale: 0.0000 (Dati: 0.0000, Fisica: 0.0000) | Parametro Scoperto D: 0.0177
Epoch 31100/50000 | Loss Totale: 0.0000 (Dati: 0.0000, Fisica: 0.0000) | Parametro Scoperto D: 0.0177
Epoch 31200/50000 | Loss Totale: 0.0000 (Dati: 0.0000, Fisica: 0.0000) | Parametro Scoperto D: 0.0177
Epoch 31300/50000 | Loss Totale: 0.0000 (Dati: 0.0000, Fisica: 0.0000) | Parametro Scoperto D: 0.0177
Epoch 31400/50000 | Loss Totale: 0.0000 (Dati: 0.0000, Fisica: 0.0000) | Parametro Scoperto D: 0.0177
Epoch 31500/50000 | Loss Totale: 0.0000 (Dati: 0.0000, Fisica: 0.0000) | Parametro Scoperto D: 0.0177
Epoch 31600/50000 | Loss Totale: 0.0000 (Dati: 0.0000, Fisica: 0.0000) | Parametro Scoperto D: 0.0177
Epoch 31700/50000 | Loss Totale: 0.0000 (Dati: 0.0000, Fisica: 0.0000) | Parametro Scoperto D: 0.0177
Epoch 31800/50000 | Loss Totale: 0.0000 (Dati: 0.0000, Fisica: 0.0000) | Parametro Scoperto D: 0.0178
Epoch 31900/50000 | Loss Totale: 0.0000 (Dati: 0.0000, Fisica: 0.0000) | Parametro Scoperto D: 0.0177
Epoch 32000/50000 | Loss Totale: 0.0000 (Dati: 0.0000, Fisica: 0.0000) | Parametro Scoperto D: 0.0177
Epoch 32100/50000 | Loss Totale: 0.0000 (Dati: 0.0000, Fisica: 0.0000) | Parametro Scoperto D: 0.0177
Epoch 32200/50000 | Loss Totale: 0.0000 (Dati: 0.0000, Fisica: 0.0000) | Parametro Scoperto D: 0.0177
Epoch 32300/50000 | Loss Totale: 0.0000 (Dati: 0.0000, Fisica: 0.0000) | Parametro Scoperto D: 0.0177
Epoch 32400/50000 | Loss Totale: 0.0000 (Dati: 0.0000, Fisica: 0.0000) | Parametro Scoperto D: 0.0177
Epoch 32500/50000 | Loss Totale: 0.0000 (Dati: 0.0000, Fisica: 0.0000) | Parametro Scoperto D: 0.0177
Epoch 32600/50000 | Loss Totale: 0.0000 (Dati: 0.0000, Fisica: 0.0000) | Parametro Scoperto D: 0.0177
Epoch 32700/50000 | Loss Totale: 0.0000 (Dati: 0.0000, Fisica: 0.0000) | Parametro Scoperto D: 0.0177
Epoch 32800/50000 | Loss Totale: 0.0000 (Dati: 0.0000, Fisica: 0.0000) | Parametro Scoperto D: 0.0177
Epoch 32900/50000 | Loss Totale: 0.0000 (Dati: 0.0000, Fisica: 0.0000) | Parametro Scoperto D: 0.0177
Epoch 33000/50000 | Loss Totale: 0.0000 (Dati: 0.0000, Fisica: 0.0000) | Parametro Scoperto D: 0.0177
Epoch 33100/50000 | Loss Totale: 0.0000 (Dati: 0.0000, Fisica: 0.0000) | Parametro Scoperto D: 0.0177
Epoch 33200/50000 | Loss Totale: 0.0000 (Dati: 0.0000, Fisica: 0.0000) | Parametro Scoperto D: 0.0178
Epoch 33300/50000 | Loss Totale: 0.0000 (Dati: 0.0000, Fisica: 0.0000) | Parametro Scoperto D: 0.0177
Epoch 33400/50000 | Loss Totale: 0.0000 (Dati: 0.0000, Fisica: 0.0000) | Parametro Scoperto D: 0.0177
Epoch 33500/50000 | Loss Totale: 0.0001 (Dati: 0.0000, Fisica: 0.0000) | Parametro Scoperto D: 0.0178
Epoch 33600/50000 | Loss Totale: 0.0000 (Dati: 0.0000, Fisica: 0.0000) | Parametro Scoperto D: 0.0177
Epoch 33700/50000 | Loss Totale: 0.0000 (Dati: 0.0000, Fisica: 0.0000) | Parametro Scoperto D: 0.0178
Epoch 33800/50000 | Loss Totale: 0.0000 (Dati: 0.0000, Fisica: 0.0000) | Parametro Scoperto D: 0.0177
Epoch 33900/50000 | Loss Totale: 0.0000 (Dati: 0.0000, Fisica: 0.0000) | Parametro Scoperto D: 0.0177
Epoch 34000/50000 | Loss Totale: 0.0000 (Dati: 0.0000, Fisica: 0.0000) | Parametro Scoperto D: 0.0177
Epoch 34100/50000 | Loss Totale: 0.0000 (Dati: 0.0000, Fisica: 0.0000) | Parametro Scoperto D: 0.0177
Epoch 34200/50000 | Loss Totale: 0.0000 (Dati: 0.0000, Fisica: 0.0000) | Parametro Scoperto D: 0.0177
Epoch 34300/50000 | Loss Totale: 0.0000 (Dati: 0.0000, Fisica: 0.0000) | Parametro Scoperto D: 0.0177
Epoch 34400/50000 | Loss Totale: 0.0000 (Dati: 0.0000, Fisica: 0.0000) | Parametro Scoperto D: 0.0177
Epoch 34500/50000 | Loss Totale: 0.0000 (Dati: 0.0000, Fisica: 0.0000) | Parametro Scoperto D: 0.0177
Epoch 34600/50000 | Loss Totale: 0.0000 (Dati: 0.0000, Fisica: 0.0000) | Parametro Scoperto D: 0.0177
Epoch 34700/50000 | Loss Totale: 0.0000 (Dati: 0.0000, Fisica: 0.0000) | Parametro Scoperto D: 0.0177
Epoch 34800/50000 | Loss Totale: 0.0000 (Dati: 0.0000, Fisica: 0.0000) | Parametro Scoperto D: 0.0177
Epoch 34900/50000 | Loss Totale: 0.0000 (Dati: 0.0000, Fisica: 0.0000) | Parametro Scoperto D: 0.0177
Epoch 35000/50000 | Loss Totale: 0.0000 (Dati: 0.0000, Fisica: 0.0000) | Parametro Scoperto D: 0.0177
Epoch 35100/50000 | Loss Totale: 0.0001 (Dati: 0.0001, Fisica: 0.0000) | Parametro Scoperto D: 0.0177
Epoch 35200/50000 | Loss Totale: 0.0001 (Dati: 0.0001, Fisica: 0.0000) | Parametro Scoperto D: 0.0178
Epoch 35300/50000 | Loss Totale: 0.0001 (Dati: 0.0001, Fisica: 0.0000) | Parametro Scoperto D: 0.0177
Epoch 35400/50000 | Loss Totale: 0.0000 (Dati: 0.0000, Fisica: 0.0000) | Parametro Scoperto D: 0.0178
Epoch 35500/50000 | Loss Totale: 0.0001 (Dati: 0.0001, Fisica: 0.0000) | Parametro Scoperto D: 0.0177
Epoch 35600/50000 | Loss Totale: 0.0000 (Dati: 0.0000, Fisica: 0.0000) | Parametro Scoperto D: 0.0176
Epoch 35700/50000 | Loss Totale: 0.0000 (Dati: 0.0000, Fisica: 0.0000) | Parametro Scoperto D: 0.0177
Epoch 35800/50000 | Loss Totale: 0.0000 (Dati: 0.0000, Fisica: 0.0000) | Parametro Scoperto D: 0.0177
Epoch 35900/50000 | Loss Totale: 0.0000 (Dati: 0.0000, Fisica: 0.0000) | Parametro Scoperto D: 0.0177
Epoch 36000/50000 | Loss Totale: 0.0000 (Dati: 0.0000, Fisica: 0.0000) | Parametro Scoperto D: 0.0177
Epoch 36100/50000 | Loss Totale: 0.0000 (Dati: 0.0000, Fisica: 0.0000) | Parametro Scoperto D: 0.0177
Epoch 36200/50000 | Loss Totale: 0.0000 (Dati: 0.0000, Fisica: 0.0000) | Parametro Scoperto D: 0.0177
Epoch 36300/50000 | Loss Totale: 0.0000 (Dati: 0.0000, Fisica: 0.0000) | Parametro Scoperto D: 0.0177
Epoch 36400/50000 | Loss Totale: 0.0000 (Dati: 0.0000, Fisica: 0.0000) | Parametro Scoperto D: 0.0177
Epoch 36500/50000 | Loss Totale: 0.0000 (Dati: 0.0000, Fisica: 0.0000) | Parametro Scoperto D: 0.0177
Epoch 36600/50000 | Loss Totale: 0.0000 (Dati: 0.0000, Fisica: 0.0000) | Parametro Scoperto D: 0.0178
Epoch 36700/50000 | Loss Totale: 0.0000 (Dati: 0.0000, Fisica: 0.0000) | Parametro Scoperto D: 0.0177
Epoch 36800/50000 | Loss Totale: 0.0000 (Dati: 0.0000, Fisica: 0.0000) | Parametro Scoperto D: 0.0177
Epoch 36900/50000 | Loss Totale: 0.0000 (Dati: 0.0000, Fisica: 0.0000) | Parametro Scoperto D: 0.0177
Epoch 37000/50000 | Loss Totale: 0.0002 (Dati: 0.0001, Fisica: 0.0000) | Parametro Scoperto D: 0.0175
Epoch 37100/50000 | Loss Totale: 0.0000 (Dati: 0.0000, Fisica: 0.0000) | Parametro Scoperto D: 0.0177
Epoch 37200/50000 | Loss Totale: 0.0000 (Dati: 0.0000, Fisica: 0.0000) | Parametro Scoperto D: 0.0177
Epoch 37300/50000 | Loss Totale: 0.0000 (Dati: 0.0000, Fisica: 0.0000) | Parametro Scoperto D: 0.0177
Epoch 37400/50000 | Loss Totale: 0.0000 (Dati: 0.0000, Fisica: 0.0000) | Parametro Scoperto D: 0.0177
Epoch 37500/50000 | Loss Totale: 0.0000 (Dati: 0.0000, Fisica: 0.0000) | Parametro Scoperto D: 0.0177
Epoch 37600/50000 | Loss Totale: 0.0001 (Dati: 0.0001, Fisica: 0.0000) | Parametro Scoperto D: 0.0177
Epoch 37700/50000 | Loss Totale: 0.0000 (Dati: 0.0000, Fisica: 0.0000) | Parametro Scoperto D: 0.0178
Epoch 37800/50000 | Loss Totale: 0.0000 (Dati: 0.0000, Fisica: 0.0000) | Parametro Scoperto D: 0.0178
Epoch 37900/50000 | Loss Totale: 0.0000 (Dati: 0.0000, Fisica: 0.0000) | Parametro Scoperto D: 0.0177
Epoch 38000/50000 | Loss Totale: 0.0000 (Dati: 0.0000, Fisica: 0.0000) | Parametro Scoperto D: 0.0177
Epoch 38100/50000 | Loss Totale: 0.0000 (Dati: 0.0000, Fisica: 0.0000) | Parametro Scoperto D: 0.0177
Epoch 38200/50000 | Loss Totale: 0.0000 (Dati: 0.0000, Fisica: 0.0000) | Parametro Scoperto D: 0.0177
Epoch 38300/50000 | Loss Totale: 0.0000 (Dati: 0.0000, Fisica: 0.0000) | Parametro Scoperto D: 0.0177
Epoch 38400/50000 | Loss Totale: 0.0000 (Dati: 0.0000, Fisica: 0.0000) | Parametro Scoperto D: 0.0177
Epoch 38500/50000 | Loss Totale: 0.0000 (Dati: 0.0000, Fisica: 0.0000) | Parametro Scoperto D: 0.0177
Epoch 38600/50000 | Loss Totale: 0.0000 (Dati: 0.0000, Fisica: 0.0000) | Parametro Scoperto D: 0.0178
Epoch 38700/50000 | Loss Totale: 0.0000 (Dati: 0.0000, Fisica: 0.0000) | Parametro Scoperto D: 0.0177
Epoch 38800/50000 | Loss Totale: 0.0000 (Dati: 0.0000, Fisica: 0.0000) | Parametro Scoperto D: 0.0177
Epoch 38900/50000 | Loss Totale: 0.0000 (Dati: 0.0000, Fisica: 0.0000) | Parametro Scoperto D: 0.0178
Epoch 39000/50000 | Loss Totale: 0.0001 (Dati: 0.0001, Fisica: 0.0000) | Parametro Scoperto D: 0.0177
Epoch 39100/50000 | Loss Totale: 0.0000 (Dati: 0.0000, Fisica: 0.0000) | Parametro Scoperto D: 0.0177
Epoch 39200/50000 | Loss Totale: 0.0000 (Dati: 0.0000, Fisica: 0.0000) | Parametro Scoperto D: 0.0177
Epoch 39300/50000 | Loss Totale: 0.0000 (Dati: 0.0000, Fisica: 0.0000) | Parametro Scoperto D: 0.0178
Epoch 39400/50000 | Loss Totale: 0.0000 (Dati: 0.0000, Fisica: 0.0000) | Parametro Scoperto D: 0.0177
Epoch 39500/50000 | Loss Totale: 0.0000 (Dati: 0.0000, Fisica: 0.0000) | Parametro Scoperto D: 0.0178
Epoch 39600/50000 | Loss Totale: 0.0000 (Dati: 0.0000, Fisica: 0.0000) | Parametro Scoperto D: 0.0177
Epoch 39700/50000 | Loss Totale: 0.0000 (Dati: 0.0000, Fisica: 0.0000) | Parametro Scoperto D: 0.0178
Epoch 39800/50000 | Loss Totale: 0.0000 (Dati: 0.0000, Fisica: 0.0000) | Parametro Scoperto D: 0.0177
Epoch 39900/50000 | Loss Totale: 0.0000 (Dati: 0.0000, Fisica: 0.0000) | Parametro Scoperto D: 0.0177
Epoch 40000/50000 | Loss Totale: 0.0000 (Dati: 0.0000, Fisica: 0.0000) | Parametro Scoperto D: 0.0177
Epoch 40100/50000 | Loss Totale: 0.0000 (Dati: 0.0000, Fisica: 0.0000) | Parametro Scoperto D: 0.0177
Epoch 40200/50000 | Loss Totale: 0.0000 (Dati: 0.0000, Fisica: 0.0000) | Parametro Scoperto D: 0.0177
Epoch 40300/50000 | Loss Totale: 0.0000 (Dati: 0.0000, Fisica: 0.0000) | Parametro Scoperto D: 0.0177
Epoch 40400/50000 | Loss Totale: 0.0000 (Dati: 0.0000, Fisica: 0.0000) | Parametro Scoperto D: 0.0177slurmstepd-gnode10: error: *** JOB 6810 ON gnode10 CANCELLED AT 2026-08-06T18:20:34 ***
